// 重构日志: 1b4e0a93
// 同步 ID: f9d0a0f4 @ Sat Jul 25 11:08:01 UTC 2026
// 同步 ID: bf239e07 @ Sat Jul 25 14:52:47 UTC 2026
// 同步 ID: 7e40ba2b @ Sat Jul 25 15:39:02 UTC 2026
// 重构日志: 5f0be319
// 同步 ID: 7b62cb53 @ Sun Jul 26 17:45:37 UTC 2026
// 重构日志: 157b054d
// 重构日志: 4cf21510
// 重构日志: d4552f4b
// 重构日志: bc6302c4
// 重构日志: 55f7e657
// 同步 ID: b59bbb8d @ Wed Jul 29 00:27:41 UTC 2026
// 重构日志: 28ec3c05
// 重构日志: a34db972
// 重构日志: df22c58a
// 重构日志: 64bae96d
// 重构日志: 0e75cd87
// 同步 ID: 40198af2 @ Fri Jul 31 16:14:44 UTC 2026
// 重构日志: b9f49c09
// 重构日志: 45455028
// 同步 ID: 74e6cebf @ Wed Aug  5 07:23:29 UTC 2026
// 同步 ID: 816f1a56 @ Wed Aug  5 15:52:48 UTC 2026
// 重构日志: 2f6f7c25
// 重构日志: ff39f224
// 重构日志: 7d28ca54
// 重构日志: b50783cc
// 重构日志: 24e17492
// 重构日志: a37b578b
// 同步 ID: 56bbf305 @ Sat Aug  8 03:12:40 UTC 2026
// 同步 ID: de6267cd @ Sat Aug  8 04:47:39 UTC 2026
// 重构日志: 9aac5026
